// Jest Snapshot v1, https://goo.gl/fbAQLP

exports[`HotelCard component should render the component 1`] = `
<DocumentFragment>
  <div
    class="bg-white"
  />
  <div
    class="product-wrapper-grid special-section grid-box"
  >
    <div
      class="row  content grid"
    >
      <div
        data-classname="popular"
      >
        <div
          class="special-box CardHotel"
        >
          <div
            class="special-img"
          >
            <img
              alt=""
              class="img-fluid lazyload bg-img CardHotel__Image"
              src="https://media.omnibees.com/Images/4488/Property/725199.jpg"
            />
          </div>
          <div
            class="special-content"
          >
            <h5>
              Smart Cancún By Oasis Plan Europeo  
            </h5>
            <span>
              <i
                class="fas fa-map-marker-alt"
              />
               Avenida Tulum 13-14, Centro
Cancún, QROO,México
            </span>
            <p
              class="CardHotel__description"
            >
              Con una personalidad inteligente, atractiva y un ambiente de emprendimiento, Smart Cancún es un hotel ubicado en el centro de Cancún. Si viajas por negocios o placer, esta es una excelente opción, al encontrarse en una de las avenidas principales en la ciudad. En sus habitaciones descubrirás amenidades y decoración agradable, en su alberca podrás relajarte en un ambiente lounge y en sus salas equipadas podrás llevar a cabo las más exitosas reuniones de negocios, en un ambiente corporativo que impulsa la creatividad.
            </p>
            <div
              class="bottom-section"
            >
              <div
                class="rating"
              >
                <ul
                  class="rs-rate rs-rate-xs rs-rate-readonly"
                  role="radiogroup"
                  tabindex="0"
                >
                  <li
                    aria-checked="false"
                    aria-posinset="1"
                    aria-setsize="5"
                    class="rs-rate-character rs-rate-character-full"
                    role="radio"
                    tabindex="0"
                  >
                    <div
                      class="rs-rate-character-before"
                    >
                      <svg
                        aria-hidden="true"
                        aria-label="star"
                        class="rs-icon"
                        data-category="legacy"
                        fill="currentColor"
                        focusable="false"
                        height="1em"
                        viewBox="0 0 30 32"
                        width="1em"
                      >
                        <path
                          d="M29.714 11.554c0 .321-.232.625-.464.857l-6.482 6.321 1.536 8.929c.018.125.018.232.018.357 0 .464-.214.893-.732.893-.25 0-.5-.089-.714-.214l-8.018-4.214-8.018 4.214c-.232.125-.464.214-.714.214-.518 0-.75-.429-.75-.893 0-.125.018-.232.036-.357l1.536-8.929-6.5-6.321c-.214-.232-.446-.536-.446-.857 0-.536.554-.75 1-.821l8.964-1.304 4.018-8.125c.161-.339.464-.732.875-.732s.714.393.875.732l4.018 8.125 8.964 1.304c.429.071 1 .286 1 .821z"
                        />
                      </svg>
                    </div>
                    <div
                      class="rs-rate-character-after"
                    >
                      <svg
                        aria-hidden="true"
                        aria-label="star"
                        class="rs-icon"
                        data-category="legacy"
                        fill="currentColor"
                        focusable="false"
                        height="1em"
                        viewBox="0 0 30 32"
                        width="1em"
                      >
                        <path
                          d="M29.714 11.554c0 .321-.232.625-.464.857l-6.482 6.321 1.536 8.929c.018.125.018.232.018.357 0 .464-.214.893-.732.893-.25 0-.5-.089-.714-.214l-8.018-4.214-8.018 4.214c-.232.125-.464.214-.714.214-.518 0-.75-.429-.75-.893 0-.125.018-.232.036-.357l1.536-8.929-6.5-6.321c-.214-.232-.446-.536-.446-.857 0-.536.554-.75 1-.821l8.964-1.304 4.018-8.125c.161-.339.464-.732.875-.732s.714.393.875.732l4.018 8.125 8.964 1.304c.429.071 1 .286 1 .821z"
                        />
                      </svg>
                    </div>
                  </li>
                  <li
                    aria-checked="false"
                    aria-posinset="2"
                    aria-setsize="5"
                    class="rs-rate-character rs-rate-character-full"
                    role="radio"
                    tabindex="0"
                  >
                    <div
                      class="rs-rate-character-before"
                    >
                      <svg
                        aria-hidden="true"
                        aria-label="star"
                        class="rs-icon"
                        data-category="legacy"
                        fill="currentColor"
                        focusable="false"
                        height="1em"
                        viewBox="0 0 30 32"
                        width="1em"
                      >
                        <path
                          d="M29.714 11.554c0 .321-.232.625-.464.857l-6.482 6.321 1.536 8.929c.018.125.018.232.018.357 0 .464-.214.893-.732.893-.25 0-.5-.089-.714-.214l-8.018-4.214-8.018 4.214c-.232.125-.464.214-.714.214-.518 0-.75-.429-.75-.893 0-.125.018-.232.036-.357l1.536-8.929-6.5-6.321c-.214-.232-.446-.536-.446-.857 0-.536.554-.75 1-.821l8.964-1.304 4.018-8.125c.161-.339.464-.732.875-.732s.714.393.875.732l4.018 8.125 8.964 1.304c.429.071 1 .286 1 .821z"
                        />
                      </svg>
                    </div>
                    <div
                      class="rs-rate-character-after"
                    >
                      <svg
                        aria-hidden="true"
                        aria-label="star"
                        class="rs-icon"
                        data-category="legacy"
                        fill="currentColor"
                        focusable="false"
                        height="1em"
                        viewBox="0 0 30 32"
                        width="1em"
                      >
                        <path
                          d="M29.714 11.554c0 .321-.232.625-.464.857l-6.482 6.321 1.536 8.929c.018.125.018.232.018.357 0 .464-.214.893-.732.893-.25 0-.5-.089-.714-.214l-8.018-4.214-8.018 4.214c-.232.125-.464.214-.714.214-.518 0-.75-.429-.75-.893 0-.125.018-.232.036-.357l1.536-8.929-6.5-6.321c-.214-.232-.446-.536-.446-.857 0-.536.554-.75 1-.821l8.964-1.304 4.018-8.125c.161-.339.464-.732.875-.732s.714.393.875.732l4.018 8.125 8.964 1.304c.429.071 1 .286 1 .821z"
                        />
                      </svg>
                    </div>
                  </li>
                  <li
                    aria-checked="false"
                    aria-posinset="3"
                    aria-setsize="5"
                    class="rs-rate-character rs-rate-character-full"
                    role="radio"
                    tabindex="0"
                  >
                    <div
                      class="rs-rate-character-before"
                    >
                      <svg
                        aria-hidden="true"
                        aria-label="star"
                        class="rs-icon"
                        data-category="legacy"
                        fill="currentColor"
                        focusable="false"
                        height="1em"
                        viewBox="0 0 30 32"
                        width="1em"
                      >
                        <path
                          d="M29.714 11.554c0 .321-.232.625-.464.857l-6.482 6.321 1.536 8.929c.018.125.018.232.018.357 0 .464-.214.893-.732.893-.25 0-.5-.089-.714-.214l-8.018-4.214-8.018 4.214c-.232.125-.464.214-.714.214-.518 0-.75-.429-.75-.893 0-.125.018-.232.036-.357l1.536-8.929-6.5-6.321c-.214-.232-.446-.536-.446-.857 0-.536.554-.75 1-.821l8.964-1.304 4.018-8.125c.161-.339.464-.732.875-.732s.714.393.875.732l4.018 8.125 8.964 1.304c.429.071 1 .286 1 .821z"
                        />
                      </svg>
                    </div>
                    <div
                      class="rs-rate-character-after"
                    >
                      <svg
                        aria-hidden="true"
                        aria-label="star"
                        class="rs-icon"
                        data-category="legacy"
                        fill="currentColor"
                        focusable="false"
                        height="1em"
                        viewBox="0 0 30 32"
                        width="1em"
                      >
                        <path
                          d="M29.714 11.554c0 .321-.232.625-.464.857l-6.482 6.321 1.536 8.929c.018.125.018.232.018.357 0 .464-.214.893-.732.893-.25 0-.5-.089-.714-.214l-8.018-4.214-8.018 4.214c-.232.125-.464.214-.714.214-.518 0-.75-.429-.75-.893 0-.125.018-.232.036-.357l1.536-8.929-6.5-6.321c-.214-.232-.446-.536-.446-.857 0-.536.554-.75 1-.821l8.964-1.304 4.018-8.125c.161-.339.464-.732.875-.732s.714.393.875.732l4.018 8.125 8.964 1.304c.429.071 1 .286 1 .821z"
                        />
                      </svg>
                    </div>
                  </li>
                  <li
                    aria-checked="true"
                    aria-posinset="4"
                    aria-setsize="5"
                    class="rs-rate-character rs-rate-character-full"
                    role="radio"
                    tabindex="0"
                  >
                    <div
                      class="rs-rate-character-before"
                    >
                      <svg
                        aria-hidden="true"
                        aria-label="star"
                        class="rs-icon"
                        data-category="legacy"
                        fill="currentColor"
                        focusable="false"
                        height="1em"
                        viewBox="0 0 30 32"
                        width="1em"
                      >
                        <path
                          d="M29.714 11.554c0 .321-.232.625-.464.857l-6.482 6.321 1.536 8.929c.018.125.018.232.018.357 0 .464-.214.893-.732.893-.25 0-.5-.089-.714-.214l-8.018-4.214-8.018 4.214c-.232.125-.464.214-.714.214-.518 0-.75-.429-.75-.893 0-.125.018-.232.036-.357l1.536-8.929-6.5-6.321c-.214-.232-.446-.536-.446-.857 0-.536.554-.75 1-.821l8.964-1.304 4.018-8.125c.161-.339.464-.732.875-.732s.714.393.875.732l4.018 8.125 8.964 1.304c.429.071 1 .286 1 .821z"
                        />
                      </svg>
                    </div>
                    <div
                      class="rs-rate-character-after"
                    >
                      <svg
                        aria-hidden="true"
                        aria-label="star"
                        class="rs-icon"
                        data-category="legacy"
                        fill="currentColor"
                        focusable="false"
                        height="1em"
                        viewBox="0 0 30 32"
                        width="1em"
                      >
                        <path
                          d="M29.714 11.554c0 .321-.232.625-.464.857l-6.482 6.321 1.536 8.929c.018.125.018.232.018.357 0 .464-.214.893-.732.893-.25 0-.5-.089-.714-.214l-8.018-4.214-8.018 4.214c-.232.125-.464.214-.714.214-.518 0-.75-.429-.75-.893 0-.125.018-.232.036-.357l1.536-8.929-6.5-6.321c-.214-.232-.446-.536-.446-.857 0-.536.554-.75 1-.821l8.964-1.304 4.018-8.125c.161-.339.464-.732.875-.732s.714.393.875.732l4.018 8.125 8.964 1.304c.429.071 1 .286 1 .821z"
                        />
                      </svg>
                    </div>
                  </li>
                  <li
                    aria-checked="false"
                    aria-posinset="5"
                    aria-setsize="5"
                    class="rs-rate-character rs-rate-character-empty"
                    role="radio"
                    tabindex="0"
                  >
                    <div
                      class="rs-rate-character-before"
                    >
                      <svg
                        aria-hidden="true"
                        aria-label="star"
                        class="rs-icon"
                        data-category="legacy"
                        fill="currentColor"
                        focusable="false"
                        height="1em"
                        viewBox="0 0 30 32"
                        width="1em"
                      >
                        <path
                          d="M29.714 11.554c0 .321-.232.625-.464.857l-6.482 6.321 1.536 8.929c.018.125.018.232.018.357 0 .464-.214.893-.732.893-.25 0-.5-.089-.714-.214l-8.018-4.214-8.018 4.214c-.232.125-.464.214-.714.214-.518 0-.75-.429-.75-.893 0-.125.018-.232.036-.357l1.536-8.929-6.5-6.321c-.214-.232-.446-.536-.446-.857 0-.536.554-.75 1-.821l8.964-1.304 4.018-8.125c.161-.339.464-.732.875-.732s.714.393.875.732l4.018 8.125 8.964 1.304c.429.071 1 .286 1 .821z"
                        />
                      </svg>
                    </div>
                    <div
                      class="rs-rate-character-after"
                    >
                      <svg
                        aria-hidden="true"
                        aria-label="star"
                        class="rs-icon"
                        data-category="legacy"
                        fill="currentColor"
                        focusable="false"
                        height="1em"
                        viewBox="0 0 30 32"
                        width="1em"
                      >
                        <path
                          d="M29.714 11.554c0 .321-.232.625-.464.857l-6.482 6.321 1.536 8.929c.018.125.018.232.018.357 0 .464-.214.893-.732.893-.25 0-.5-.089-.714-.214l-8.018-4.214-8.018 4.214c-.232.125-.464.214-.714.214-.518 0-.75-.429-.75-.893 0-.125.018-.232.036-.357l1.536-8.929-6.5-6.321c-.214-.232-.446-.536-.446-.857 0-.536.554-.75 1-.821l8.964-1.304 4.018-8.125c.161-.339.464-.732.875-.732s.714.393.875.732l4.018 8.125 8.964 1.304c.429.071 1 .286 1 .821z"
                        />
                      </svg>
                    </div>
                  </li>
                </ul>
              </div>
              <div
                class="price"
              >
                <h3>
                  Desde: 
                </h3>
                <span
                  class="mt-2 pl-2"
                >
                  $347.200
                </span>
                <small
                  class="mt-3 pl-1"
                >
                  US$400,00
                </small>
              </div>
              <ul
                class="list-group mt-4"
              >
                <li
                  class="list-group-item CardHotel__ListItem"
                >
                  Smart Plan Europeo 
                </li>
                <li
                  class="list-group-item CardHotel__ListItem"
                >
                  Solo Habitaci&oacute;n
                </li>
              </ul>
              <hr />
              <a
                class="btn btn-solid btn-block"
                href="/hotels/selection/0/Smart-Cancún-By-Oasis-Plan-Europeo-"
              >
                Seleccionar
              </a>
            </div>
          </div>
        </div>
      </div>
    </div>
  </div>
</DocumentFragment>
`;
