// Vitest Snapshot v1

exports[`Page Container component > should render conrrectly 1`] = `
<DocumentFragment>
  <div
    class="container"
  >
    <div
      class="row"
    >
      Test
    </div>
  </div>
</DocumentFragment>
`;
