// Jest Snapshot v1, https://goo.gl/fbAQLP

exports[`Page Container component should render conrrectly 1`] = `
<DocumentFragment>
  <div
    class="container"
  >
    <div
      class="row"
    >
      Test
    </div>
  </div>
</DocumentFragment>
`;
